// Jest Snapshot v1, https://goo.gl/fbAQLP

exports[`test invalid-macro-usage.js 1`] = `"invalid-macro-usage.js: ../../src/macro: tagged-translations/macro can only be used in tagged template expression. You tried CallExpression."`;
