// Jest Snapshot v1, https://goo.gl/fbAQLP

exports[`test custom-options.js 1`] = `
"

const name = 'Vinh Le';

\`Xin chÃ o \${name} ðŸ‘» This is from a custom translation file\`;"
`;
